[04:19:27] [ServerMain/INFO]: [bootstrap] Running Java 21 (OpenJDK 64-Bit Server VM 21.0.11+10-1-24.04.2-Ubuntu; Ubuntu null) on Linux 6.8.0-1052-azure (amd64)
[04:19:27] [ServerMain/INFO]: [bootstrap] Loading Paper 1.21.4-232-ver/1.21.4@12d8fe0 (2025-06-09T10:15:42Z) for Minecraft 1.21.4
[04:19:27] [ServerMain/INFO]: [PluginInitializerManager] Initializing plugins...
[04:19:27] [ServerMain/INFO]: [PluginInitializerManager] Initialized 0 plugins
[04:19:33] [ServerMain/INFO]: Environment: Environment[sessionHost=https://sessionserver.mojang.com, servicesHost=https://api.minecraftservices.com, name=PROD]
[04:19:35] [ServerMain/INFO]: Loaded 1370 recipes
[04:19:35] [ServerMain/INFO]: Loaded 1481 advancements
[04:19:35] [ServerMain/INFO]: [MCTypeRegistry] Initialising converters for DataConverter...
[04:19:35] [ServerMain/INFO]: [MCTypeRegistry] Finished initialising converters for DataConverter in 248.2ms
[04:19:35] [Server thread/INFO]: Starting minecraft server version 1.21.4
[04:19:35] [Server thread/INFO]: Loading properties
[04:19:35] [Server thread/INFO]: This server is running Paper version 1.21.4-232-ver/1.21.4@12d8fe0 (2025-06-09T10:15:42Z) (Implementing API version 1.21.4-R0.1-SNAPSHOT)
[04:19:35] [Server thread/INFO]: [spark] This server bundles the spark profiler. For more information please visit https://docs.papermc.io/paper/profiling
[04:19:35] [Server thread/INFO]: Server Ping Player Sample Count: 12
[04:19:35] [Server thread/INFO]: Using 4 threads for Netty based IO
[04:19:36] [Server thread/INFO]: [MoonriseCommon] Paper is using 1 worker threads, 1 I/O threads
[04:19:36] [Server thread/INFO]: [ChunkTaskScheduler] Chunk system is using population gen parallelism: true
[04:19:36] [Server thread/INFO]: Default game type: SURVIVAL
[04:19:36] [Server thread/INFO]: Generating keypair
[04:19:36] [Server thread/INFO]: Starting Minecraft server on *:25565
[04:19:36] [Server thread/INFO]: Using epoll channel type
[04:19:36] [Server thread/INFO]: Paper: Using libdeflate (Linux x86_64) compression from Velocity.
[04:19:36] [Server thread/INFO]: Paper: Using OpenSSL 3.x.x (Linux x86_64) cipher from Velocity.
[04:19:37] [Server thread/INFO]: Server permissions file permissions.yml is empty, ignoring it
[04:19:37] [Server thread/WARN]: **** SERVER IS RUNNING IN OFFLINE/INSECURE MODE!
[04:19:37] [Server thread/WARN]: The server will make no attempt to authenticate usernames. Beware.
[04:19:37] [Server thread/WARN]: While this makes the game possible to play without internet access, it also opens up the ability for hackers to connect with any username they choose.
[04:19:37] [Server thread/WARN]: To change this, set "online-mode" to "true" in the server.properties file.
[04:19:37] [Server thread/INFO]: Preparing level "world"
[04:19:37] [Server thread/INFO]: Preparing start region for dimension minecraft:overworld
[04:19:37] [Server thread/INFO]: Preparing spawn area: 0%
[04:19:38] [Server thread/INFO]: Preparing spawn area: 16%
[04:19:38] [Server thread/INFO]: Time elapsed: 920 ms
[04:19:38] [Server thread/INFO]: Preparing start region for dimension minecraft:the_nether
[04:19:38] [Server thread/INFO]: Preparing spawn area: 0%
[04:19:38] [Server thread/INFO]: Time elapsed: 351 ms
[04:19:38] [Server thread/INFO]: Preparing start region for dimension minecraft:the_end
[04:19:38] [Server thread/INFO]: Preparing spawn area: 0%
[04:19:39] [Server thread/INFO]: Time elapsed: 370 ms
[04:19:39] [Server thread/INFO]: [spark] Starting background profiler...
[04:19:39] [Server thread/INFO]: Done preparing level "world" (2.547s)
[04:19:39] [Server thread/INFO]: Running delayed init tasks
[04:19:39] [Server thread/INFO]: Done (13.018s)! For help, type "help"
